------------------------------------------------------------
TimeQuest Timing Analyzer Summary
------------------------------------------------------------

Type  : Slow Model Setup 'clk'
Slack : -3.845
TNS   : -88.341

Type  : Slow Model Setup 'JK_Synch_Counter:inst17|inst'
Slack : -1.676
TNS   : -6.099

Type  : Slow Model Setup 'JK_Synch_Counter:inst7|inst'
Slack : -1.639
TNS   : -6.709

Type  : Slow Model Setup 'Clock_Divider:inst30|tmp'
Slack : -1.622
TNS   : -5.766

Type  : Slow Model Hold 'clk'
Slack : -3.114
TNS   : -3.114

Type  : Slow Model Hold 'Clock_Divider:inst30|tmp'
Slack : -2.608
TNS   : -12.595

Type  : Slow Model Hold 'JK_Synch_Counter:inst17|inst'
Slack : -2.429
TNS   : -10.267

Type  : Slow Model Hold 'JK_Synch_Counter:inst7|inst'
Slack : 0.499
TNS   : 0.000

Type  : Slow Model Recovery 'JK_Synch_Counter:inst17|inst'
Slack : -4.476
TNS   : -35.808

Type  : Slow Model Recovery 'Clock_Divider:inst30|tmp'
Slack : -2.504
TNS   : -20.032

Type  : Slow Model Recovery 'JK_Synch_Counter:inst7|inst'
Slack : -2.310
TNS   : -18.480

Type  : Slow Model Removal 'Clock_Divider:inst30|tmp'
Slack : -0.432
TNS   : -3.456

Type  : Slow Model Removal 'JK_Synch_Counter:inst17|inst'
Slack : 1.622
TNS   : 0.000

Type  : Slow Model Removal 'JK_Synch_Counter:inst7|inst'
Slack : 2.542
TNS   : 0.000

Type  : Slow Model Minimum Pulse Width 'clk'
Slack : -1.941
TNS   : -50.913

Type  : Slow Model Minimum Pulse Width 'Clock_Divider:inst30|tmp'
Slack : -0.742
TNS   : -11.872

Type  : Slow Model Minimum Pulse Width 'JK_Synch_Counter:inst17|inst'
Slack : -0.742
TNS   : -11.872

Type  : Slow Model Minimum Pulse Width 'JK_Synch_Counter:inst7|inst'
Slack : -0.742
TNS   : -11.872

Type  : Fast Model Setup 'clk'
Slack : -0.850
TNS   : -11.557

Type  : Fast Model Setup 'JK_Synch_Counter:inst17|inst'
Slack : 0.129
TNS   : 0.000

Type  : Fast Model Setup 'Clock_Divider:inst30|tmp'
Slack : 0.144
TNS   : 0.000

Type  : Fast Model Setup 'JK_Synch_Counter:inst7|inst'
Slack : 0.150
TNS   : 0.000

Type  : Fast Model Hold 'clk'
Slack : -1.704
TNS   : -1.704

Type  : Fast Model Hold 'Clock_Divider:inst30|tmp'
Slack : -0.993
TNS   : -5.720

Type  : Fast Model Hold 'JK_Synch_Counter:inst17|inst'
Slack : -0.892
TNS   : -4.738

Type  : Fast Model Hold 'JK_Synch_Counter:inst7|inst'
Slack : 0.215
TNS   : 0.000

Type  : Fast Model Recovery 'JK_Synch_Counter:inst17|inst'
Slack : -1.318
TNS   : -10.544

Type  : Fast Model Recovery 'Clock_Divider:inst30|tmp'
Slack : -0.264
TNS   : -2.112

Type  : Fast Model Recovery 'JK_Synch_Counter:inst7|inst'
Slack : -0.263
TNS   : -2.104

Type  : Fast Model Removal 'Clock_Divider:inst30|tmp'
Slack : -0.204
TNS   : -1.632

Type  : Fast Model Removal 'JK_Synch_Counter:inst17|inst'
Slack : 0.901
TNS   : 0.000

Type  : Fast Model Removal 'JK_Synch_Counter:inst7|inst'
Slack : 0.946
TNS   : 0.000

Type  : Fast Model Minimum Pulse Width 'clk'
Slack : -1.380
TNS   : -34.380

Type  : Fast Model Minimum Pulse Width 'Clock_Divider:inst30|tmp'
Slack : -0.500
TNS   : -8.000

Type  : Fast Model Minimum Pulse Width 'JK_Synch_Counter:inst17|inst'
Slack : -0.500
TNS   : -8.000

Type  : Fast Model Minimum Pulse Width 'JK_Synch_Counter:inst7|inst'
Slack : -0.500
TNS   : -8.000

------------------------------------------------------------
